   Compiling proc-macro2 v1.0.106
   Compiling quote v1.0.45
   Compiling unicode-ident v1.0.24
   Compiling libc v0.2.184
   Compiling bytes v1.11.1
   Compiling hashbrown v0.16.1
   Compiling equivalent v1.0.2
   Compiling pin-project-lite v0.2.17
   Compiling once_cell v1.21.4
   Compiling futures-core v0.3.32
   Compiling anyhow v1.0.102
   Compiling either v1.15.0
   Compiling itoa v1.0.18
   Compiling serde_core v1.0.228
   Compiling getrandom v0.4.2
   Compiling tracing-core v0.1.36
   Compiling itertools v0.14.0
   Compiling slab v0.4.12
   Compiling cfg-if v1.0.4
   Compiling futures-sink v0.3.32
   Compiling rustix v1.1.4
   Compiling futures-task v0.3.32
   Compiling prettyplease v0.2.37
   Compiling http v1.4.0
   Compiling serde v1.0.228
   Compiling indexmap v2.13.1
   Compiling regex-syntax v0.8.10
   Compiling bitflags v2.11.0
   Compiling syn v2.0.117
   Compiling errno v0.3.14
   Compiling mio v1.2.0
   Compiling socket2 v0.6.3
   Compiling signal-hook-registry v1.4.8
   Compiling httparse v1.10.1
   Compiling tower-service v0.3.3
   Compiling http-body v1.0.1
   Compiling futures-util v0.3.32
   Compiling atomic-waker v1.1.2
   Compiling fixedbitset v0.5.7
   Compiling try-lock v0.2.5
   Compiling fastrand v2.3.0
   Compiling fnv v1.0.7
   Compiling want v0.3.1
   Compiling petgraph v0.7.1
   Compiling futures-channel v0.3.32
   Compiling log v0.4.29
   Compiling httpdate v1.0.3
   Compiling multimap v0.10.1
   Compiling heck v0.5.0
   Compiling tower-layer v0.3.3
   Compiling smallvec v1.15.1
   Compiling sync_wrapper v1.0.2
   Compiling http-body-util v0.1.3
   Compiling memchr v2.8.0
   Compiling mime v0.3.17
   Compiling zmij v1.0.21
   Compiling regex-automata v0.4.14
   Compiling axum-core v0.5.6
   Compiling toml_write v0.1.2
   Compiling percent-encoding v2.3.2
   Compiling tempfile v3.27.0
   Compiling matchit v0.8.4
   Compiling winnow v0.7.15
   Compiling serde_json v1.0.149
   Compiling socket2 v0.5.10
   Compiling base64 v0.22.1
   Compiling uuid v1.23.0
   Compiling regex v1.12.3
   Compiling tokio-macros v2.7.0
   Compiling prost-derive v0.13.5
   Compiling tracing-attributes v0.1.31
   Compiling serde_derive v1.0.228
   Compiling pin-project-internal v1.1.11
   Compiling async-trait v0.1.89
   Compiling tokio v1.51.0
   Compiling pin-project v1.1.11
   Compiling tracing v0.1.44
   Compiling prost v0.13.5
   Compiling prost-types v0.13.5
   Compiling prost-build v0.13.5
   Compiling toml_datetime v0.6.11
   Compiling serde_spanned v0.6.9
   Compiling tonic-build v0.13.1
   Compiling toml_edit v0.22.27
   Compiling daemon v0.1.0 (/private/tmp/cf3-team/daemon)
   Compiling tokio-util v0.7.18
   Compiling tokio-stream v0.1.18
   Compiling toml v0.8.23
   Compiling h2 v0.4.13
   Compiling tower v0.5.3
   Compiling axum v0.8.8
   Compiling hyper v1.9.0
   Compiling hyper-util v0.1.20
   Compiling hyper-timeout v0.5.2
   Compiling tonic v0.13.1
    Finished `dev` profile [unoptimized + debuginfo] target(s) in 11m 40s
